// Jest Snapshot v1, https://goo.gl/fbAQLP

exports[`Unit tests SpaceMouse methods 1`] = `
Object {
  "interface": 50726,
  "name": "SpaceNavigator",
  "productId": 1133,
  "vendorId": 1133,
}
`;

exports[`Unit tests SpaceMouse methods 2`] = `Array []`;
